// Jest Snapshot v1, https://goo.gl/fbAQLP

exports[`Dropdown should render correctly 1`] = `
<styled.div>
  <styled.p
    key="Earth"
    onClick={[Function]}
    onMouseLeave={[Function]}
    onMouseOver={[Function]}
    selected={true}
    show={true}
  >
    Earth
    <img
      alt="down arrow"
      src="white-arrow-down.png"
      style={
        Object {
          "height": "45%",
          "margin": "12px 0px 0px 5px",
        }
      }
    />
  </styled.p>
  <styled.p
    key="TAG"
    onClick={[Function]}
    onMouseLeave={[Function]}
    onMouseOver={[Function]}
    selected={false}
    show={false}
  >
    TAG
    <img
      alt="down arrow"
      src="white-arrow-down.png"
      style={
        Object {
          "height": "45%",
          "margin": "12px 0px 0px 5px",
        }
      }
    />
  </styled.p>
</styled.div>
`;
